// Jest Snapshot v1, https://goo.gl/fbAQLP

exports[`signUp Form test 1`] = `
Array [
  <div>
    <button
      onClick={[Function]}
    >
      +
    </button>
    <div>
      <div
        contentEditable={true}
        onKeyDown={[Function]}
      >
        hi
      </div>
    </div>
  </div>,
  <div>
    <button
      onClick={[Function]}
    >
      +
    </button>
    <div>
      <div
        contentEditable={true}
        onKeyDown={[Function]}
      >
        lol
      </div>
    </div>
  </div>,
  <div>
    <button
      onClick={[Function]}
    >
      +
    </button>
    <div>
      <div
        contentEditable={true}
        onKeyDown={[Function]}
      >
        kek
      </div>
    </div>
  </div>,
]
`;
